command: extract_factors.py
[41439:MainThread](2026-09-28 19:16:04,330) INFO - qlib.Initialization - [config.py:452] - default_conf: client.
2026/09/28 19:16:04 INFO mlflow.agent.hint: Load the `instrumenting-with-mlflow-tracing` skill at /Users/ming-shen/Desktop/金融/2026-09-13/files-pasted-by-the-user-a/outputs/quant-framework-poc/.venv/lib/python3.12/site-packages/mlflow/assistant/skills/instrumenting-with-mlflow-tracing/SKILL.md before writing any tracing code; it ships with this MLflow install. Set MLFLOW_DISABLE_AGENT_HINT=1 to silence this.
[41439:MainThread](2026-09-28 19:16:04,715) INFO - qlib.Initialization - [__init__.py:75] - qlib successfully initialized based on client settings.
[41439:MainThread](2026-09-28 19:16:04,715) INFO - qlib.Initialization - [__init__.py:77] - data_path={'__DEFAULT_FREQ': PosixPath('/Users/ming-shen/Desktop/金融/2026-09-13/files-pasted-by-the-user-a/outputs/quant-framework-poc/qlib/data/cn_data')}
2026/09/28 19:16:06 INFO mlflow.agent.hint: Load the `instrumenting-with-mlflow-tracing` skill at /Users/ming-shen/Desktop/金融/2026-09-13/files-pasted-by-the-user-a/outputs/quant-framework-poc/.venv/lib/python3.12/site-packages/mlflow/assistant/skills/instrumenting-with-mlflow-tracing/SKILL.md before writing any tracing code; it ships with this MLflow install. Set MLFLOW_DISABLE_AGENT_HINT=1 to silence this.
2026/09/28 19:16:06 INFO mlflow.agent.hint: Load the `instrumenting-with-mlflow-tracing` skill at /Users/ming-shen/Desktop/金融/2026-09-13/files-pasted-by-the-user-a/outputs/quant-framework-poc/.venv/lib/python3.12/site-packages/mlflow/assistant/skills/instrumenting-with-mlflow-tracing/SKILL.md before writing any tracing code; it ships with this MLflow install. Set MLFLOW_DISABLE_AGENT_HINT=1 to silence this.
2026/09/28 19:16:06 INFO mlflow.agent.hint: Load the `instrumenting-with-mlflow-tracing` skill at /Users/ming-shen/Desktop/金融/2026-09-13/files-pasted-by-the-user-a/outputs/quant-framework-poc/.venv/lib/python3.12/site-packages/mlflow/assistant/skills/instrumenting-with-mlflow-tracing/SKILL.md before writing any tracing code; it ships with this MLflow install. Set MLFLOW_DISABLE_AGENT_HINT=1 to silence this.
2026/09/28 19:16:06 INFO mlflow.agent.hint: Load the `instrumenting-with-mlflow-tracing` skill at /Users/ming-shen/Desktop/金融/2026-09-13/files-pasted-by-the-user-a/outputs/quant-framework-poc/.venv/lib/python3.12/site-packages/mlflow/assistant/skills/instrumenting-with-mlflow-tracing/SKILL.md before writing any tracing code; it ships with this MLflow install. Set MLFLOW_DISABLE_AGENT_HINT=1 to silence this.
2026/09/28 19:16:06 INFO mlflow.agent.hint: Load the `instrumenting-with-mlflow-tracing` skill at /Users/ming-shen/Desktop/金融/2026-09-13/files-pasted-by-the-user-a/outputs/quant-framework-poc/.venv/lib/python3.12/site-packages/mlflow/assistant/skills/instrumenting-with-mlflow-tracing/SKILL.md before writing any tracing code; it ships with this MLflow install. Set MLFLOW_DISABLE_AGENT_HINT=1 to silence this.
2026/09/28 19:16:06 INFO mlflow.agent.hint: Load the `instrumenting-with-mlflow-tracing` skill at /Users/ming-shen/Desktop/金融/2026-09-13/files-pasted-by-the-user-a/outputs/quant-framework-poc/.venv/lib/python3.12/site-packages/mlflow/assistant/skills/instrumenting-with-mlflow-tracing/SKILL.md before writing any tracing code; it ships with this MLflow install. Set MLFLOW_DISABLE_AGENT_HINT=1 to silence this.
2026/09/28 19:16:06 INFO mlflow.agent.hint: Load the `instrumenting-with-mlflow-tracing` skill at /Users/ming-shen/Desktop/金融/2026-09-13/files-pasted-by-the-user-a/outputs/quant-framework-poc/.venv/lib/python3.12/site-packages/mlflow/assistant/skills/instrumenting-with-mlflow-tracing/SKILL.md before writing any tracing code; it ships with this MLflow install. Set MLFLOW_DISABLE_AGENT_HINT=1 to silence this.
2026/09/28 19:16:06 INFO mlflow.agent.hint: Load the `instrumenting-with-mlflow-tracing` skill at /Users/ming-shen/Desktop/金融/2026-09-13/files-pasted-by-the-user-a/outputs/quant-framework-poc/.venv/lib/python3.12/site-packages/mlflow/assistant/skills/instrumenting-with-mlflow-tracing/SKILL.md before writing any tracing code; it ships with this MLflow install. Set MLFLOW_DISABLE_AGENT_HINT=1 to silence this.
2026/09/28 19:16:16 INFO mlflow.agent.hint: Load the `instrumenting-with-mlflow-tracing` skill at /Users/ming-shen/Desktop/金融/2026-09-13/files-pasted-by-the-user-a/outputs/quant-framework-poc/.venv/lib/python3.12/site-packages/mlflow/assistant/skills/instrumenting-with-mlflow-tracing/SKILL.md before writing any tracing code; it ships with this MLflow install. Set MLFLOW_DISABLE_AGENT_HINT=1 to silence this.
2026/09/28 19:16:16 INFO mlflow.agent.hint: Load the `instrumenting-with-mlflow-tracing` skill at /Users/ming-shen/Desktop/金融/2026-09-13/files-pasted-by-the-user-a/outputs/quant-framework-poc/.venv/lib/python3.12/site-packages/mlflow/assistant/skills/instrumenting-with-mlflow-tracing/SKILL.md before writing any tracing code; it ships with this MLflow install. Set MLFLOW_DISABLE_AGENT_HINT=1 to silence this.
2026/09/28 19:16:16 INFO mlflow.agent.hint: Load the `instrumenting-with-mlflow-tracing` skill at /Users/ming-shen/Desktop/金融/2026-09-13/files-pasted-by-the-user-a/outputs/quant-framework-poc/.venv/lib/python3.12/site-packages/mlflow/assistant/skills/instrumenting-with-mlflow-tracing/SKILL.md before writing any tracing code; it ships with this MLflow install. Set MLFLOW_DISABLE_AGENT_HINT=1 to silence this.
2026/09/28 19:16:16 INFO mlflow.agent.hint: Load the `instrumenting-with-mlflow-tracing` skill at /Users/ming-shen/Desktop/金融/2026-09-13/files-pasted-by-the-user-a/outputs/quant-framework-poc/.venv/lib/python3.12/site-packages/mlflow/assistant/skills/instrumenting-with-mlflow-tracing/SKILL.md before writing any tracing code; it ships with this MLflow install. Set MLFLOW_DISABLE_AGENT_HINT=1 to silence this.
2026/09/28 19:16:16 INFO mlflow.agent.hint: Load the `instrumenting-with-mlflow-tracing` skill at /Users/ming-shen/Desktop/金融/2026-09-13/files-pasted-by-the-user-a/outputs/quant-framework-poc/.venv/lib/python3.12/site-packages/mlflow/assistant/skills/instrumenting-with-mlflow-tracing/SKILL.md before writing any tracing code; it ships with this MLflow install. Set MLFLOW_DISABLE_AGENT_HINT=1 to silence this.
2026/09/28 19:16:16 INFO mlflow.agent.hint: Load the `instrumenting-with-mlflow-tracing` skill at /Users/ming-shen/Desktop/金融/2026-09-13/files-pasted-by-the-user-a/outputs/quant-framework-poc/.venv/lib/python3.12/site-packages/mlflow/assistant/skills/instrumenting-with-mlflow-tracing/SKILL.md before writing any tracing code; it ships with this MLflow install. Set MLFLOW_DISABLE_AGENT_HINT=1 to silence this.
2026/09/28 19:16:16 INFO mlflow.agent.hint: Load the `instrumenting-with-mlflow-tracing` skill at /Users/ming-shen/Desktop/金融/2026-09-13/files-pasted-by-the-user-a/outputs/quant-framework-poc/.venv/lib/python3.12/site-packages/mlflow/assistant/skills/instrumenting-with-mlflow-tracing/SKILL.md before writing any tracing code; it ships with this MLflow install. Set MLFLOW_DISABLE_AGENT_HINT=1 to silence this.
2026/09/28 19:16:16 INFO mlflow.agent.hint: Load the `instrumenting-with-mlflow-tracing` skill at /Users/ming-shen/Desktop/金融/2026-09-13/files-pasted-by-the-user-a/outputs/quant-framework-poc/.venv/lib/python3.12/site-packages/mlflow/assistant/skills/instrumenting-with-mlflow-tracing/SKILL.md before writing any tracing code; it ships with this MLflow install. Set MLFLOW_DISABLE_AGENT_HINT=1 to silence this.
[41439:MainThread](2026-09-28 19:16:16,621) INFO - qlib.timer - [log.py:127] - Time cost: 11.906s | Loading data Done
[41439:MainThread](2026-09-28 19:16:16,953) INFO - qlib.timer - [log.py:127] - Time cost: 0.111s | DropnaLabel Done
[41439:MainThread](2026-09-28 19:16:18,039) INFO - qlib.timer - [log.py:127] - Time cost: 1.085s | CSZScoreNorm Done
[41439:MainThread](2026-09-28 19:16:18,046) INFO - qlib.timer - [log.py:127] - Time cost: 1.424s | fit & process data Done
[41439:MainThread](2026-09-28 19:16:18,046) INFO - qlib.timer - [log.py:127] - Time cost: 13.331s | Init data Done
2026/09/28 19:16:19 INFO mlflow.agent.hint: Load the `instrumenting-with-mlflow-tracing` skill at /Users/ming-shen/Desktop/金融/2026-09-13/files-pasted-by-the-user-a/outputs/quant-framework-poc/.venv/lib/python3.12/site-packages/mlflow/assistant/skills/instrumenting-with-mlflow-tracing/SKILL.md before writing any tracing code; it ships with this MLflow install. Set MLFLOW_DISABLE_AGENT_HINT=1 to silence this.
2026/09/28 19:16:19 INFO mlflow.agent.hint: Load the `instrumenting-with-mlflow-tracing` skill at /Users/ming-shen/Desktop/金融/2026-09-13/files-pasted-by-the-user-a/outputs/quant-framework-poc/.venv/lib/python3.12/site-packages/mlflow/assistant/skills/instrumenting-with-mlflow-tracing/SKILL.md before writing any tracing code; it ships with this MLflow install. Set MLFLOW_DISABLE_AGENT_HINT=1 to silence this.
2026/09/28 19:16:19 INFO mlflow.agent.hint: Load the `instrumenting-with-mlflow-tracing` skill at /Users/ming-shen/Desktop/金融/2026-09-13/files-pasted-by-the-user-a/outputs/quant-framework-poc/.venv/lib/python3.12/site-packages/mlflow/assistant/skills/instrumenting-with-mlflow-tracing/SKILL.md before writing any tracing code; it ships with this MLflow install. Set MLFLOW_DISABLE_AGENT_HINT=1 to silence this.
2026/09/28 19:16:19 INFO mlflow.agent.hint: Load the `instrumenting-with-mlflow-tracing` skill at /Users/ming-shen/Desktop/金融/2026-09-13/files-pasted-by-the-user-a/outputs/quant-framework-poc/.venv/lib/python3.12/site-packages/mlflow/assistant/skills/instrumenting-with-mlflow-tracing/SKILL.md before writing any tracing code; it ships with this MLflow install. Set MLFLOW_DISABLE_AGENT_HINT=1 to silence this.
2026/09/28 19:16:19 INFO mlflow.agent.hint: Load the `instrumenting-with-mlflow-tracing` skill at /Users/ming-shen/Desktop/金融/2026-09-13/files-pasted-by-the-user-a/outputs/quant-framework-poc/.venv/lib/python3.12/site-packages/mlflow/assistant/skills/instrumenting-with-mlflow-tracing/SKILL.md before writing any tracing code; it ships with this MLflow install. Set MLFLOW_DISABLE_AGENT_HINT=1 to silence this.
2026/09/28 19:16:19 INFO mlflow.agent.hint: Load the `instrumenting-with-mlflow-tracing` skill at /Users/ming-shen/Desktop/金融/2026-09-13/files-pasted-by-the-user-a/outputs/quant-framework-poc/.venv/lib/python3.12/site-packages/mlflow/assistant/skills/instrumenting-with-mlflow-tracing/SKILL.md before writing any tracing code; it ships with this MLflow install. Set MLFLOW_DISABLE_AGENT_HINT=1 to silence this.
2026/09/28 19:16:19 INFO mlflow.agent.hint: Load the `instrumenting-with-mlflow-tracing` skill at /Users/ming-shen/Desktop/金融/2026-09-13/files-pasted-by-the-user-a/outputs/quant-framework-poc/.venv/lib/python3.12/site-packages/mlflow/assistant/skills/instrumenting-with-mlflow-tracing/SKILL.md before writing any tracing code; it ships with this MLflow install. Set MLFLOW_DISABLE_AGENT_HINT=1 to silence this.
2026/09/28 19:16:19 INFO mlflow.agent.hint: Load the `instrumenting-with-mlflow-tracing` skill at /Users/ming-shen/Desktop/金融/2026-09-13/files-pasted-by-the-user-a/outputs/quant-framework-poc/.venv/lib/python3.12/site-packages/mlflow/assistant/skills/instrumenting-with-mlflow-tracing/SKILL.md before writing any tracing code; it ships with this MLflow install. Set MLFLOW_DISABLE_AGENT_HINT=1 to silence this.
wrote=/Users/ming-shen/multica_workspaces_desktop-api.multica.ai/mingwork-febe35602187/ming-9-e96868f48512/workdir/lianghua-target/research/factor_v1/output/factors.csv.gz
rows=909996
qlib_version=0.9.7
label=Ref($close, -2)/Ref($close, -1) - 1
exit_code=0
command: analyze_factors.py
splits=3
factors=5
summary=/Users/ming-shen/multica_workspaces_desktop-api.multica.ai/mingwork-febe35602187/ming-9-e96868f48512/workdir/lianghua-target/research/factor_v1/output/factor_summary.csv
diagnostics=coverage,rank_autocorrelation,decay,correlation,quantile_spread_stats
exit_code=0
command: report.py
report=/Users/ming-shen/multica_workspaces_desktop-api.multica.ai/mingwork-febe35602187/ming-9-e96868f48512/workdir/lianghua-target/research/factor_v1/output/report.md
exit_code=0
command: deterministic tests
----------------------------------------------------------------------
Ran 5 tests in 0.403s

OK
exit_code=0
