^D[2026-09-18 16:02:42.116992] WARN: system_log: The strategy requires explicit configuration of base.capital_gain_tax_rate, which currently has a default value of 0 and will be changed to a non-zero value in a future version.(The configuration description can be found at https://www.ricequant.com/doc/rqalpha-plus/api/config)
Matplotlib is building the font cache; this may take a moment.
[2016-06-01 00:00:00.000000] INFO: user_log: init
/Users/ming-shen/Desktop/金融/2026-09-13/files-pasted-by-the-user-a/outputs/quant-framework-poc/rqalpha/.venv/lib/python3.12/site-packages/rqalpha/mod/rqalpha_mod_sys_analyser/mod.py:608: FutureWarning: use_inf_as_na option is deprecated and will be removed in a future version. Convert inf values to NaN before operating instead.
  with pd.option_context('mode.use_inf_as_na', True):
/Users/ming-shen/Desktop/金融/2026-09-13/files-pasted-by-the-user-a/outputs/quant-framework-poc/rqalpha/.venv/lib/python3.12/site-packages/rqalpha/mod/rqalpha_mod_sys_analyser/plot/utils.py:50: FutureWarning: Series.__getitem__ treating keys as positions is deprecated. In a future version, integer keys will always be treated as labels (consistent with DataFrame behavior). To access a value by position, use `ser.iloc[pos]`
  max_seen = arr[0]
/Users/ming-shen/Desktop/金融/2026-09-13/files-pasted-by-the-user-a/outputs/quant-framework-poc/rqalpha/.venv/lib/python3.12/site-packages/rqalpha/mod/rqalpha_mod_sys_analyser/plot/utils.py:58: FutureWarning: Series.__getitem__ treating keys as positions is deprecated. In a future version, integer keys will always be treated as labels (consistent with DataFrame behavior). To access a value by position, use `ser.iloc[pos]`
  if arr[i] > max_seen:
/Users/ming-shen/Desktop/金融/2026-09-13/files-pasted-by-the-user-a/outputs/quant-framework-poc/rqalpha/.venv/lib/python3.12/site-packages/rqalpha/mod/rqalpha_mod_sys_analyser/plot/utils.py:66: FutureWarning: Series.__getitem__ treating keys as positions is deprecated. In a future version, integer keys will always be treated as labels (consistent with DataFrame behavior). To access a value by position, use `ser.iloc[pos]`
  elif arr[i] < max_seen:
/Users/ming-shen/Desktop/金融/2026-09-13/files-pasted-by-the-user-a/outputs/quant-framework-poc/rqalpha/.venv/lib/python3.12/site-packages/rqalpha/mod/rqalpha_mod_sys_analyser/plot/utils.py:65: FutureWarning: Series.__getitem__ treating keys as positions is deprecated. In a future version, integer keys will always be treated as labels (consistent with DataFrame behavior). To access a value by position, use `ser.iloc[pos]`
  max_seen = arr[i]
/Users/ming-shen/Desktop/金融/2026-09-13/files-pasted-by-the-user-a/outputs/quant-framework-poc/rqalpha/.venv/lib/python3.12/site-packages/rqalpha/mod/rqalpha_mod_sys_analyser/plot/utils.py:71: FutureWarning: Series.__getitem__ treating keys as positions is deprecated. In a future version, integer keys will always be treated as labels (consistent with DataFrame behavior). To access a value by position, use `ser.iloc[pos]`
  if arr[i] < max_seen:
real 17.80
user 7.63
sys 0.65
           274284544  maximum resident set size
                   0  average shared memory size
                   0  average unshared data size
                   0  average unshared stack size
               57154  page reclaims
                3300  page faults
                   0  swaps
                   0  block input operations
                   0  block output operations
                   0  messages sent
                   0  messages received
                   0  signals received
                4896  voluntary context switches
                8877  involuntary context switches
         19535361688  instructions retired
          7024821345  cycles elapsed
           229376744  peak memory footprint
