^D2026/09/18 15:08:28 INFO mlflow.agent.hint: Load the `instrumenting-with-mlflow-tracing` skill at /Users/ming-shen/Desktop/金融/2026-09-13/files-pasted-by-the-user-a/outputs/quant-framework-poc/.venv/lib/python3.12/site-packages/mlflow/assistant/skills/instrumenting-with-mlflow-tracing/SKILL.md before writing any tracing code; it ships with this MLflow install. Set MLFLOW_DISABLE_AGENT_HINT=1 to silence this.
[99697:MainThread](2026-09-18 15:08:28,247) INFO - qlib.qrun - [run.py:78] - Render the template with the context: {}
[99697:MainThread](2026-09-18 15:08:28,247) INFO - qlib.qrun - [run.py:112] - Use BASE_CONFIG_PATH: ../qlib-source/examples/benchmarks/LightGBM/workflow_config_lightgbm_Alpha158.yaml
[99697:MainThread](2026-09-18 15:08:28,251) INFO - qlib.qrun - [run.py:132] - Load BASE_CONFIG_PATH succeed: /Users/ming-shen/Desktop/金融/2026-09-13/files-pasted-by-the-user-a/outputs/quant-framework-poc/qlib-source/examples/benchmarks/LightGBM/workflow_config_lightgbm_Alpha158.yaml
[99697:MainThread](2026-09-18 15:08:28,251) INFO - qlib.Initialization - [config.py:452] - default_conf: client.
[99697:MainThread](2026-09-18 15:08:28,252) INFO - qlib.Initialization - [__init__.py:75] - qlib successfully initialized based on client settings.
[99697:MainThread](2026-09-18 15:08:28,252) INFO - qlib.Initialization - [__init__.py:77] - data_path={'__DEFAULT_FREQ': PosixPath('/Users/ming-shen/Desktop/金融/2026-09-13/files-pasted-by-the-user-a/outputs/quant-framework-poc/qlib/data/cn_data')}
[99697:MainThread](2026-09-18 15:08:28,253) WARNING - qlib.workflow - [expm.py:231] - No valid experiment found. Create a new experiment with name qlib-poc-alpha158.
[99697:MainThread](2026-09-18 15:08:28,254) ERROR - qlib.workflow - [utils.py:41] - An exception has been raised[MlflowException: The filesystem tracking backend (e.g., './mlruns') is in maintenance mode and will not receive further updates. Please migrate to a database backend (e.g., 'sqlite:///mlflow.db') to access the latest MLflow features. The `mlflow migrate-filestore` tool migrates your existing data losslessly. See https://mlflow.org/docs/latest/self-hosting/migrate-from-file-store for migration guidance. If the filesystem backend is required for your workflow, set `MLFLOW_ALLOW_FILE_STORE=true` to opt out of this exception.].
  File "/Users/ming-shen/Desktop/金融/2026-09-13/files-pasted-by-the-user-a/outputs/quant-framework-poc/qlib/../.venv/bin/qrun", line 10, in <module>
    sys.exit(run())
             ^^^^^
  File "/Users/ming-shen/Desktop/金融/2026-09-13/files-pasted-by-the-user-a/outputs/quant-framework-poc/.venv/lib/python3.12/site-packages/qlib/cli/run.py", line 153, in run
    fire.Fire(workflow)
  File "/Users/ming-shen/Desktop/金融/2026-09-13/files-pasted-by-the-user-a/outputs/quant-framework-poc/.venv/lib/python3.12/site-packages/fire/core.py", line 135, in Fire
    component_trace = _Fire(component, args, parsed_flag_args, context, name)
                      ^^^^^^^^^^^^^^^^^^^^^^^^^^^^^^^^^^^^^^^^^^^^^^^^^^^^^^^
  File "/Users/ming-shen/Desktop/金融/2026-09-13/files-pasted-by-the-user-a/outputs/quant-framework-poc/.venv/lib/python3.12/site-packages/fire/core.py", line 468, in _Fire
    component, remaining_args = _CallAndUpdateTrace(
                                ^^^^^^^^^^^^^^^^^^^^
  File "/Users/ming-shen/Desktop/金融/2026-09-13/files-pasted-by-the-user-a/outputs/quant-framework-poc/.venv/lib/python3.12/site-packages/fire/core.py", line 684, in _CallAndUpdateTrace
    component = fn(*varargs, **kwargs)
                ^^^^^^^^^^^^^^^^^^^^^^
  File "/Users/ming-shen/Desktop/金融/2026-09-13/files-pasted-by-the-user-a/outputs/quant-framework-poc/.venv/lib/python3.12/site-packages/qlib/cli/run.py", line 147, in workflow
    recorder = task_train(config.get("task"), experiment_name=experiment_name)
               ^^^^^^^^^^^^^^^^^^^^^^^^^^^^^^^^^^^^^^^^^^^^^^^^^^^^^^^^^^^^^^^
  File "/Users/ming-shen/Desktop/金融/2026-09-13/files-pasted-by-the-user-a/outputs/quant-framework-poc/.venv/lib/python3.12/site-packages/qlib/model/trainer.py", line 125, in task_train
    with R.start(experiment_name=experiment_name, recorder_name=recorder_name):
         ^^^^^^^^^^^^^^^^^^^^^^^^^^^^^^^^^^^^^^^^^^^^^^^^^^^^^^^^^^^^^^^^^^^^^
  File "/Users/ming-shen/.local/share/uv/python/cpython-3.12.12-macos-aarch64-none/lib/python3.12/contextlib.py", line 137, in __enter__
    return next(self.gen)
           ^^^^^^^^^^^^^^
  File "/Users/ming-shen/Desktop/金融/2026-09-13/files-pasted-by-the-user-a/outputs/quant-framework-poc/.venv/lib/python3.12/site-packages/qlib/workflow/__init__.py", line 82, in start
    run = self.start_exp(
          ^^^^^^^^^^^^^^^
  File "/Users/ming-shen/Desktop/金融/2026-09-13/files-pasted-by-the-user-a/outputs/quant-framework-poc/.venv/lib/python3.12/site-packages/qlib/workflow/__init__.py", line 138, in start_exp
    return self.exp_manager.start_exp(
           ^^^^^^^^^^^^^^^^^^^^^^^^^^^
  File "/Users/ming-shen/Desktop/金融/2026-09-13/files-pasted-by-the-user-a/outputs/quant-framework-poc/.venv/lib/python3.12/site-packages/qlib/workflow/expm.py", line 86, in start_exp
    return self._start_exp(
           ^^^^^^^^^^^^^^^^
  File "/Users/ming-shen/Desktop/金融/2026-09-13/files-pasted-by-the-user-a/outputs/quant-framework-poc/.venv/lib/python3.12/site-packages/qlib/workflow/expm.py", line 341, in _start_exp
    experiment, _ = self._get_or_create_exp(experiment_id=experiment_id, experiment_name=experiment_name)
                    ^^^^^^^^^^^^^^^^^^^^^^^^^^^^^^^^^^^^^^^^^^^^^^^^^^^^^^^^^^^^^^^^^^^^^^^^^^^^^^^^^^^^^
  File "/Users/ming-shen/Desktop/金融/2026-09-13/files-pasted-by-the-user-a/outputs/quant-framework-poc/.venv/lib/python3.12/site-packages/qlib/workflow/expm.py", line 238, in _get_or_create_exp
    return self.create_exp(experiment_name), True
           ^^^^^^^^^^^^^^^^^^^^^^^^^^^^^^^^
  File "/Users/ming-shen/Desktop/金融/2026-09-13/files-pasted-by-the-user-a/outputs/quant-framework-poc/.venv/lib/python3.12/site-packages/qlib/workflow/expm.py", line 362, in create_exp
    raise e
  File "/Users/ming-shen/Desktop/金融/2026-09-13/files-pasted-by-the-user-a/outputs/quant-framework-poc/.venv/lib/python3.12/site-packages/qlib/workflow/expm.py", line 358, in create_exp
    experiment_id = self.client.create_experiment(experiment_name)
                    ^^^^^^^^^^^
  File "/Users/ming-shen/Desktop/金融/2026-09-13/files-pasted-by-the-user-a/outputs/quant-framework-poc/.venv/lib/python3.12/site-packages/qlib/workflow/expm.py", line 327, in client
    return mlflow.tracking.MlflowClient(tracking_uri=self.uri)
           ^^^^^^^^^^^^^^^^^^^^^^^^^^^^^^^^^^^^^^^^^^^^^^^^^^^
  File "/Users/ming-shen/Desktop/金融/2026-09-13/files-pasted-by-the-user-a/outputs/quant-framework-poc/.venv/lib/python3.12/site-packages/mlflow/tracking/client.py", line 254, in __init__
    self._tracking_client = TrackingServiceClient(final_tracking_uri)
                            ^^^^^^^^^^^^^^^^^^^^^^^^^^^^^^^^^^^^^^^^^
  File "/Users/ming-shen/Desktop/金融/2026-09-13/files-pasted-by-the-user-a/outputs/quant-framework-poc/.venv/lib/python3.12/site-packages/mlflow/tracking/_tracking_service/client.py", line 98, in __init__
    self.store
  File "/Users/ming-shen/Desktop/金融/2026-09-13/files-pasted-by-the-user-a/outputs/quant-framework-poc/.venv/lib/python3.12/site-packages/mlflow/tracking/_tracking_service/client.py", line 102, in store
    return utils._get_store(self.tracking_uri)
           ^^^^^^^^^^^^^^^^^^^^^^^^^^^^^^^^^^^
  File "/Users/ming-shen/Desktop/金融/2026-09-13/files-pasted-by-the-user-a/outputs/quant-framework-poc/.venv/lib/python3.12/site-packages/mlflow/tracking/_tracking_service/utils.py", line 270, in _get_store
    return _tracking_store_registry.get_store(store_uri, artifact_uri)
           ^^^^^^^^^^^^^^^^^^^^^^^^^^^^^^^^^^^^^^^^^^^^^^^^^^^^^^^^^^^
  File "/Users/ming-shen/Desktop/金融/2026-09-13/files-pasted-by-the-user-a/outputs/quant-framework-poc/.venv/lib/python3.12/site-packages/mlflow/tracking/_tracking_service/registry.py", line 45, in get_store
    return self._get_store_with_resolved_uri(resolved_store_uri, artifact_uri)
           ^^^^^^^^^^^^^^^^^^^^^^^^^^^^^^^^^^^^^^^^^^^^^^^^^^^^^^^^^^^^^^^^^^^
  File "/Users/ming-shen/Desktop/金融/2026-09-13/files-pasted-by-the-user-a/outputs/quant-framework-poc/.venv/lib/python3.12/site-packages/mlflow/tracking/_tracking_service/registry.py", line 56, in _get_store_with_resolved_uri
    return builder(store_uri=resolved_store_uri, artifact_uri=artifact_uri)
           ^^^^^^^^^^^^^^^^^^^^^^^^^^^^^^^^^^^^^^^^^^^^^^^^^^^^^^^^^^^^^^^^
  File "/Users/ming-shen/Desktop/金融/2026-09-13/files-pasted-by-the-user-a/outputs/quant-framework-poc/.venv/lib/python3.12/site-packages/mlflow/tracking/_tracking_service/utils.py", line 184, in _get_file_store
    return FileStore(store_uri, store_uri)
           ^^^^^^^^^^^^^^^^^^^^^^^^^^^^^^^
  File "/Users/ming-shen/Desktop/金融/2026-09-13/files-pasted-by-the-user-a/outputs/quant-framework-poc/.venv/lib/python3.12/site-packages/mlflow/store/tracking/file_store.py", line 225, in __init__
    raise MlflowException(
MlflowException: The filesystem tracking backend (e.g., './mlruns') is in maintenance mode and will not receive further updates. Please migrate to a database backend (e.g., 'sqlite:///mlflow.db') to access the latest MLflow features. The `mlflow migrate-filestore` tool migrates your existing data losslessly. See https://mlflow.org/docs/latest/self-hosting/migrate-from-file-store for migration guidance. If the filesystem backend is required for your workflow, set `MLFLOW_ALLOW_FILE_STORE=true` to opt out of this exception.
real 1.20
user 0.99
sys 0.15
           244301824  maximum resident set size
                   0  average shared memory size
                   0  average unshared data size
                   0  average unshared stack size
               44531  page reclaims
                 220  page faults
                   0  swaps
                   0  block input operations
                   0  block output operations
                   0  messages sent
                   0  messages received
                   0  signals received
                 249  voluntary context switches
                 417  involuntary context switches
         13034479474  instructions retired
          4697438857  cycles elapsed
           188678816  peak memory footprint
