^D2026/09/18 15:08:40 INFO mlflow.agent.hint: Load the `instrumenting-with-mlflow-tracing` skill at /Users/ming-shen/Desktop/金融/2026-09-13/files-pasted-by-the-user-a/outputs/quant-framework-poc/.venv/lib/python3.12/site-packages/mlflow/assistant/skills/instrumenting-with-mlflow-tracing/SKILL.md before writing any tracing code; it ships with this MLflow install. Set MLFLOW_DISABLE_AGENT_HINT=1 to silence this.
[99758:MainThread](2026-09-18 15:08:40,858) INFO - qlib.qrun - [run.py:78] - Render the template with the context: {}
[99758:MainThread](2026-09-18 15:08:40,858) INFO - qlib.qrun - [run.py:112] - Use BASE_CONFIG_PATH: ../qlib-source/examples/benchmarks/LightGBM/workflow_config_lightgbm_Alpha158.yaml
[99758:MainThread](2026-09-18 15:08:40,862) INFO - qlib.qrun - [run.py:132] - Load BASE_CONFIG_PATH succeed: /Users/ming-shen/Desktop/金融/2026-09-13/files-pasted-by-the-user-a/outputs/quant-framework-poc/qlib-source/examples/benchmarks/LightGBM/workflow_config_lightgbm_Alpha158.yaml
[99758:MainThread](2026-09-18 15:08:40,862) INFO - qlib.Initialization - [config.py:452] - default_conf: client.
[99758:MainThread](2026-09-18 15:08:40,863) INFO - qlib.Initialization - [__init__.py:75] - qlib successfully initialized based on client settings.
[99758:MainThread](2026-09-18 15:08:40,863) INFO - qlib.Initialization - [__init__.py:77] - data_path={'__DEFAULT_FREQ': PosixPath('/Users/ming-shen/Desktop/金融/2026-09-13/files-pasted-by-the-user-a/outputs/quant-framework-poc/qlib/data/cn_data')}
[99758:MainThread](2026-09-18 15:08:40,867) WARNING - qlib.workflow - [expm.py:231] - No valid experiment found. Create a new experiment with name qlib-poc-alpha158.
[99758:MainThread](2026-09-18 15:08:40,868) INFO - qlib.workflow - [exp.py:258] - Experiment 487615195700432407 starts running ...
[99758:MainThread](2026-09-18 15:08:40,926) INFO - qlib.workflow - [recorder.py:345] - Recorder dbc4118211ac4e0ea64938c76db087f4 starts running under Experiment 487615195700432407 ...
warning: Not a git repository. Use --no-index to compare two paths outside a working tree
usage: git diff --no-index [<options>] <path> <path>

Diff output format options
    -p, --patch           generate patch
    -s, --no-patch        suppress diff output
    -u                    generate patch
    -U, --unified[=<n>]   generate diffs with <n> lines context
    -W, --[no-]function-context
                          generate diffs with <n> lines context
    --raw                 generate the diff in raw format
    --patch-with-raw      synonym for '-p --raw'
    --patch-with-stat     synonym for '-p --stat'
    --numstat             machine friendly --stat
    --shortstat           output only the last line of --stat
    -X, --dirstat[=<param1>,<param2>...]
                          output the distribution of relative amount of changes for each sub-directory
    --cumulative          synonym for --dirstat=cumulative
    --dirstat-by-file[=<param1>,<param2>...]
                          synonym for --dirstat=files,<param1>,<param2>...
    --check               warn if changes introduce conflict markers or whitespace errors
    --summary             condensed summary such as creations, renames and mode changes
    --name-only           show only names of changed files
    --name-status         show only names and status of changed files
    --stat[=<width>[,<name-width>[,<count>]]]
                          generate diffstat
    --stat-width <width>  generate diffstat with a given width
    --stat-name-width <width>
                          generate diffstat with a given name width
    --stat-graph-width <width>
                          generate diffstat with a given graph width
    --stat-count <count>  generate diffstat with limited lines
    --[no-]compact-summary
                          generate compact summary in diffstat
    --binary              output a binary diff that can be applied
    --[no-]full-index     show full pre- and post-image object names on the "index" lines
    --[no-]color[=<when>] show colored diff
    --ws-error-highlight <kind>
                          highlight whitespace errors in the 'context', 'old' or 'new' lines in the diff
    -z                    do not munge pathnames and use NULs as output field terminators in --raw or --numstat
    --[no-]abbrev[=<n>]   use <n> digits to display object names
    --src-prefix <prefix> show the given source prefix instead of "a/"
    --dst-prefix <prefix> show the given destination prefix instead of "b/"
    --line-prefix <prefix>
                          prepend an additional prefix to every line of output
    --no-prefix           do not show any source or destination prefix
    --default-prefix      use default prefixes a/ and b/
    --inter-hunk-context <n>
                          show context between diff hunks up to the specified number of lines
    --output-indicator-new <char>
                          specify the character to indicate a new line instead of '+'
    --output-indicator-old <char>
                          specify the character to indicate an old line instead of '-'
    --output-indicator-context <char>
                          specify the character to indicate a context instead of ' '

Diff rename options
    -B, --break-rewrites[=<n>[/<m>]]
                          break complete rewrite changes into pairs of delete and create
    -M, --find-renames[=<n>]
                          detect renames
    -D, --irreversible-delete
                          omit the preimage for deletes
    -C, --find-copies[=<n>]
                          detect copies
    --[no-]find-copies-harder
                          use unmodified files as source to find copies
    --no-renames          disable rename detection
    --[no-]rename-empty   use empty blobs as rename source
    --[no-]follow         continue listing the history of a file beyond renames
    -l <n>                prevent rename/copy detection if the number of rename/copy targets exceeds given limit

Diff algorithm options
    --minimal             produce the smallest possible diff
    -w, --ignore-all-space
                          ignore whitespace when comparing lines
    -b, --ignore-space-change
                          ignore changes in amount of whitespace
    --ignore-space-at-eol ignore changes in whitespace at EOL
    --ignore-cr-at-eol    ignore carrier-return at the end of line
    --ignore-blank-lines  ignore changes whose lines are all blank
    -I, --[no-]ignore-matching-lines <regex>
                          ignore changes whose all lines match <regex>
    --[no-]indent-heuristic
                          heuristic to shift diff hunk boundaries for easy reading
    --patience            generate diff using the "patience diff" algorithm
    --histogram           generate diff using the "histogram diff" algorithm
    --diff-algorithm <algorithm>
                          choose a diff algorithm
    --anchored <text>     generate diff using the "anchored diff" algorithm
    --word-diff[=<mode>]  show word diff, using <mode> to delimit changed words
    --word-diff-regex <regex>
                          use <regex> to decide what a word is
    --color-words[=<regex>]
                          equivalent to --word-diff=color --word-diff-regex=<regex>
    --[no-]color-moved[=<mode>]
                          moved lines of code are colored differently
    --[no-]color-moved-ws <mode>
                          how white spaces are ignored in --color-moved

Other diff options
    --[no-]relative[=<prefix>]
                          when run from subdir, exclude changes outside and show relative paths
    -a, --[no-]text       treat all files as text
    -R                    swap two inputs, reverse the diff
    --[no-]exit-code      exit with 1 if there were differences, 0 otherwise
    --[no-]quiet          disable all output of the program
    --[no-]ext-diff       allow an external diff helper to be executed
    --[no-]textconv       run external text conversion filters when comparing binary files
    --ignore-submodules[=<when>]
                          ignore changes to submodules in the diff generation
    --submodule[=<format>]
                          specify how differences in submodules are shown
    --ita-invisible-in-index
                          hide 'git add -N' entries from the index
    --ita-visible-in-index
                          treat 'git add -N' entries as real in the index
    -S <string>           look for differences that change the number of occurrences of the specified string
    -G <regex>            look for differences that change the number of occurrences of the specified regex
    --pickaxe-all         show all changes in the changeset with -S or -G
    --pickaxe-regex       treat <string> in -S as extended POSIX regular expression
    -O <file>             control the order in which files appear in the output
    --rotate-to <path>    show the change in the specified path first
    --skip-to <path>      skip the output to the specified path
    --find-object <object-id>
                          look for differences that change the number of occurrences of the specified object
    --diff-filter [(A|C|D|M|R|T|U|X|B)...[*]]
                          select files by diff type
    --output <file>       output to a specific file

[99758:MainThread](2026-09-18 15:08:40,935) INFO - qlib.workflow - [recorder.py:378] - Fail to log the uncommitted code of $CWD(/Users/ming-shen/Desktop/金融/2026-09-13/files-pasted-by-the-user-a/outputs/quant-framework-poc/qlib) when run git diff.
fatal: not a git repository (or any of the parent directories): .git
[99758:MainThread](2026-09-18 15:08:40,943) INFO - qlib.workflow - [recorder.py:378] - Fail to log the uncommitted code of $CWD(/Users/ming-shen/Desktop/金融/2026-09-13/files-pasted-by-the-user-a/outputs/quant-framework-poc/qlib) when run git status.
error: unknown option `cached'
usage: git diff --no-index [<options>] <path> <path>

Diff output format options
    -p, --patch           generate patch
    -s, --no-patch        suppress diff output
    -u                    generate patch
    -U, --unified[=<n>]   generate diffs with <n> lines context
    -W, --[no-]function-context
                          generate diffs with <n> lines context
    --raw                 generate the diff in raw format
    --patch-with-raw      synonym for '-p --raw'
    --patch-with-stat     synonym for '-p --stat'
    --numstat             machine friendly --stat
    --shortstat           output only the last line of --stat
    -X, --dirstat[=<param1>,<param2>...]
                          output the distribution of relative amount of changes for each sub-directory
    --cumulative          synonym for --dirstat=cumulative
    --dirstat-by-file[=<param1>,<param2>...]
                          synonym for --dirstat=files,<param1>,<param2>...
    --check               warn if changes introduce conflict markers or whitespace errors
    --summary             condensed summary such as creations, renames and mode changes
    --name-only           show only names of changed files
    --name-status         show only names and status of changed files
    --stat[=<width>[,<name-width>[,<count>]]]
                          generate diffstat
    --stat-width <width>  generate diffstat with a given width
    --stat-name-width <width>
                          generate diffstat with a given name width
    --stat-graph-width <width>
                          generate diffstat with a given graph width
    --stat-count <count>  generate diffstat with limited lines
    --[no-]compact-summary
                          generate compact summary in diffstat
    --binary              output a binary diff that can be applied
    --[no-]full-index     show full pre- and post-image object names on the "index" lines
    --[no-]color[=<when>] show colored diff
    --ws-error-highlight <kind>
                          highlight whitespace errors in the 'context', 'old' or 'new' lines in the diff
    -z                    do not munge pathnames and use NULs as output field terminators in --raw or --numstat
    --[no-]abbrev[=<n>]   use <n> digits to display object names
    --src-prefix <prefix> show the given source prefix instead of "a/"
    --dst-prefix <prefix> show the given destination prefix instead of "b/"
    --line-prefix <prefix>
                          prepend an additional prefix to every line of output
    --no-prefix           do not show any source or destination prefix
    --default-prefix      use default prefixes a/ and b/
    --inter-hunk-context <n>
                          show context between diff hunks up to the specified number of lines
    --output-indicator-new <char>
                          specify the character to indicate a new line instead of '+'
    --output-indicator-old <char>
                          specify the character to indicate an old line instead of '-'
    --output-indicator-context <char>
                          specify the character to indicate a context instead of ' '

Diff rename options
    -B, --break-rewrites[=<n>[/<m>]]
                          break complete rewrite changes into pairs of delete and create
    -M, --find-renames[=<n>]
                          detect renames
    -D, --irreversible-delete
                          omit the preimage for deletes
    -C, --find-copies[=<n>]
                          detect copies
    --[no-]find-copies-harder
                          use unmodified files as source to find copies
    --no-renames          disable rename detection
    --[no-]rename-empty   use empty blobs as rename source
    --[no-]follow         continue listing the history of a file beyond renames
    -l <n>                prevent rename/copy detection if the number of rename/copy targets exceeds given limit

Diff algorithm options
    --minimal             produce the smallest possible diff
    -w, --ignore-all-space
                          ignore whitespace when comparing lines
    -b, --ignore-space-change
                          ignore changes in amount of whitespace
    --ignore-space-at-eol ignore changes in whitespace at EOL
    --ignore-cr-at-eol    ignore carrier-return at the end of line
    --ignore-blank-lines  ignore changes whose lines are all blank
    -I, --[no-]ignore-matching-lines <regex>
                          ignore changes whose all lines match <regex>
    --[no-]indent-heuristic
                          heuristic to shift diff hunk boundaries for easy reading
    --patience            generate diff using the "patience diff" algorithm
    --histogram           generate diff using the "histogram diff" algorithm
    --diff-algorithm <algorithm>
                          choose a diff algorithm
    --anchored <text>     generate diff using the "anchored diff" algorithm
    --word-diff[=<mode>]  show word diff, using <mode> to delimit changed words
    --word-diff-regex <regex>
                          use <regex> to decide what a word is
    --color-words[=<regex>]
                          equivalent to --word-diff=color --word-diff-regex=<regex>
    --[no-]color-moved[=<mode>]
                          moved lines of code are colored differently
    --[no-]color-moved-ws <mode>
                          how white spaces are ignored in --color-moved

Other diff options
    --[no-]relative[=<prefix>]
                          when run from subdir, exclude changes outside and show relative paths
    -a, --[no-]text       treat all files as text
    -R                    swap two inputs, reverse the diff
    --[no-]exit-code      exit with 1 if there were differences, 0 otherwise
    --[no-]quiet          disable all output of the program
    --[no-]ext-diff       allow an external diff helper to be executed
    --[no-]textconv       run external text conversion filters when comparing binary files
    --ignore-submodules[=<when>]
                          ignore changes to submodules in the diff generation
    --submodule[=<format>]
                          specify how differences in submodules are shown
    --ita-invisible-in-index
                          hide 'git add -N' entries from the index
    --ita-visible-in-index
                          treat 'git add -N' entries as real in the index
    -S <string>           look for differences that change the number of occurrences of the specified string
    -G <regex>            look for differences that change the number of occurrences of the specified regex
    --pickaxe-all         show all changes in the changeset with -S or -G
    --pickaxe-regex       treat <string> in -S as extended POSIX regular expression
    -O <file>             control the order in which files appear in the output
    --rotate-to <path>    show the change in the specified path first
    --skip-to <path>      skip the output to the specified path
    --find-object <object-id>
                          look for differences that change the number of occurrences of the specified object
    --diff-filter [(A|C|D|M|R|T|U|X|B)...[*]]
                          select files by diff type
    --output <file>       output to a specific file

[99758:MainThread](2026-09-18 15:08:40,950) INFO - qlib.workflow - [recorder.py:378] - Fail to log the uncommitted code of $CWD(/Users/ming-shen/Desktop/金融/2026-09-13/files-pasted-by-the-user-a/outputs/quant-framework-poc/qlib) when run git diff --cached.
ModuleNotFoundError. CatBoostModel are skipped. (optional: maybe installing CatBoostModel can fix it.)
ModuleNotFoundError. XGBModel is skipped(optional: maybe installing xgboost can fix it).
ModuleNotFoundError.  PyTorch models are skipped (optional: maybe installing pytorch can fix it).
2026/09/18 15:08:43 INFO mlflow.agent.hint: Load the `instrumenting-with-mlflow-tracing` skill at /Users/ming-shen/Desktop/金融/2026-09-13/files-pasted-by-the-user-a/outputs/quant-framework-poc/.venv/lib/python3.12/site-packages/mlflow/assistant/skills/instrumenting-with-mlflow-tracing/SKILL.md before writing any tracing code; it ships with this MLflow install. Set MLFLOW_DISABLE_AGENT_HINT=1 to silence this.
2026/09/18 15:08:43 INFO mlflow.agent.hint: Load the `instrumenting-with-mlflow-tracing` skill at /Users/ming-shen/Desktop/金融/2026-09-13/files-pasted-by-the-user-a/outputs/quant-framework-poc/.venv/lib/python3.12/site-packages/mlflow/assistant/skills/instrumenting-with-mlflow-tracing/SKILL.md before writing any tracing code; it ships with this MLflow install. Set MLFLOW_DISABLE_AGENT_HINT=1 to silence this.
2026/09/18 15:08:43 INFO mlflow.agent.hint: Load the `instrumenting-with-mlflow-tracing` skill at /Users/ming-shen/Desktop/金融/2026-09-13/files-pasted-by-the-user-a/outputs/quant-framework-poc/.venv/lib/python3.12/site-packages/mlflow/assistant/skills/instrumenting-with-mlflow-tracing/SKILL.md before writing any tracing code; it ships with this MLflow install. Set MLFLOW_DISABLE_AGENT_HINT=1 to silence this.
2026/09/18 15:08:43 INFO mlflow.agent.hint: Load the `instrumenting-with-mlflow-tracing` skill at /Users/ming-shen/Desktop/金融/2026-09-13/files-pasted-by-the-user-a/outputs/quant-framework-poc/.venv/lib/python3.12/site-packages/mlflow/assistant/skills/instrumenting-with-mlflow-tracing/SKILL.md before writing any tracing code; it ships with this MLflow install. Set MLFLOW_DISABLE_AGENT_HINT=1 to silence this.
2026/09/18 15:08:43 INFO mlflow.agent.hint: Load the `instrumenting-with-mlflow-tracing` skill at /Users/ming-shen/Desktop/金融/2026-09-13/files-pasted-by-the-user-a/outputs/quant-framework-poc/.venv/lib/python3.12/site-packages/mlflow/assistant/skills/instrumenting-with-mlflow-tracing/SKILL.md before writing any tracing code; it ships with this MLflow install. Set MLFLOW_DISABLE_AGENT_HINT=1 to silence this.
2026/09/18 15:08:43 INFO mlflow.agent.hint: Load the `instrumenting-with-mlflow-tracing` skill at /Users/ming-shen/Desktop/金融/2026-09-13/files-pasted-by-the-user-a/outputs/quant-framework-poc/.venv/lib/python3.12/site-packages/mlflow/assistant/skills/instrumenting-with-mlflow-tracing/SKILL.md before writing any tracing code; it ships with this MLflow install. Set MLFLOW_DISABLE_AGENT_HINT=1 to silence this.
2026/09/18 15:08:43 INFO mlflow.agent.hint: Load the `instrumenting-with-mlflow-tracing` skill at /Users/ming-shen/Desktop/金融/2026-09-13/files-pasted-by-the-user-a/outputs/quant-framework-poc/.venv/lib/python3.12/site-packages/mlflow/assistant/skills/instrumenting-with-mlflow-tracing/SKILL.md before writing any tracing code; it ships with this MLflow install. Set MLFLOW_DISABLE_AGENT_HINT=1 to silence this.
2026/09/18 15:08:43 INFO mlflow.agent.hint: Load the `instrumenting-with-mlflow-tracing` skill at /Users/ming-shen/Desktop/金融/2026-09-13/files-pasted-by-the-user-a/outputs/quant-framework-poc/.venv/lib/python3.12/site-packages/mlflow/assistant/skills/instrumenting-with-mlflow-tracing/SKILL.md before writing any tracing code; it ships with this MLflow install. Set MLFLOW_DISABLE_AGENT_HINT=1 to silence this.
2026/09/18 15:08:55 INFO mlflow.agent.hint: Load the `instrumenting-with-mlflow-tracing` skill at /Users/ming-shen/Desktop/金融/2026-09-13/files-pasted-by-the-user-a/outputs/quant-framework-poc/.venv/lib/python3.12/site-packages/mlflow/assistant/skills/instrumenting-with-mlflow-tracing/SKILL.md before writing any tracing code; it ships with this MLflow install. Set MLFLOW_DISABLE_AGENT_HINT=1 to silence this.
2026/09/18 15:08:55 INFO mlflow.agent.hint: Load the `instrumenting-with-mlflow-tracing` skill at /Users/ming-shen/Desktop/金融/2026-09-13/files-pasted-by-the-user-a/outputs/quant-framework-poc/.venv/lib/python3.12/site-packages/mlflow/assistant/skills/instrumenting-with-mlflow-tracing/SKILL.md before writing any tracing code; it ships with this MLflow install. Set MLFLOW_DISABLE_AGENT_HINT=1 to silence this.
2026/09/18 15:08:55 INFO mlflow.agent.hint: Load the `instrumenting-with-mlflow-tracing` skill at /Users/ming-shen/Desktop/金融/2026-09-13/files-pasted-by-the-user-a/outputs/quant-framework-poc/.venv/lib/python3.12/site-packages/mlflow/assistant/skills/instrumenting-with-mlflow-tracing/SKILL.md before writing any tracing code; it ships with this MLflow install. Set MLFLOW_DISABLE_AGENT_HINT=1 to silence this.
2026/09/18 15:08:55 INFO mlflow.agent.hint: Load the `instrumenting-with-mlflow-tracing` skill at /Users/ming-shen/Desktop/金融/2026-09-13/files-pasted-by-the-user-a/outputs/quant-framework-poc/.venv/lib/python3.12/site-packages/mlflow/assistant/skills/instrumenting-with-mlflow-tracing/SKILL.md before writing any tracing code; it ships with this MLflow install. Set MLFLOW_DISABLE_AGENT_HINT=1 to silence this.
2026/09/18 15:08:55 INFO mlflow.agent.hint: Load the `instrumenting-with-mlflow-tracing` skill at /Users/ming-shen/Desktop/金融/2026-09-13/files-pasted-by-the-user-a/outputs/quant-framework-poc/.venv/lib/python3.12/site-packages/mlflow/assistant/skills/instrumenting-with-mlflow-tracing/SKILL.md before writing any tracing code; it ships with this MLflow install. Set MLFLOW_DISABLE_AGENT_HINT=1 to silence this.
2026/09/18 15:08:55 INFO mlflow.agent.hint: Load the `instrumenting-with-mlflow-tracing` skill at /Users/ming-shen/Desktop/金融/2026-09-13/files-pasted-by-the-user-a/outputs/quant-framework-poc/.venv/lib/python3.12/site-packages/mlflow/assistant/skills/instrumenting-with-mlflow-tracing/SKILL.md before writing any tracing code; it ships with this MLflow install. Set MLFLOW_DISABLE_AGENT_HINT=1 to silence this.
2026/09/18 15:08:55 INFO mlflow.agent.hint: Load the `instrumenting-with-mlflow-tracing` skill at /Users/ming-shen/Desktop/金融/2026-09-13/files-pasted-by-the-user-a/outputs/quant-framework-poc/.venv/lib/python3.12/site-packages/mlflow/assistant/skills/instrumenting-with-mlflow-tracing/SKILL.md before writing any tracing code; it ships with this MLflow install. Set MLFLOW_DISABLE_AGENT_HINT=1 to silence this.
2026/09/18 15:08:55 INFO mlflow.agent.hint: Load the `instrumenting-with-mlflow-tracing` skill at /Users/ming-shen/Desktop/金融/2026-09-13/files-pasted-by-the-user-a/outputs/quant-framework-poc/.venv/lib/python3.12/site-packages/mlflow/assistant/skills/instrumenting-with-mlflow-tracing/SKILL.md before writing any tracing code; it ships with this MLflow install. Set MLFLOW_DISABLE_AGENT_HINT=1 to silence this.
[99758:MainThread](2026-09-18 15:08:55,722) INFO - qlib.timer - [log.py:127] - Time cost: 14.583s | Loading data Done
[99758:MainThread](2026-09-18 15:08:56,055) INFO - qlib.timer - [log.py:127] - Time cost: 0.123s | DropnaLabel Done
[99758:MainThread](2026-09-18 15:08:57,250) INFO - qlib.timer - [log.py:127] - Time cost: 1.195s | CSZScoreNorm Done
[99758:MainThread](2026-09-18 15:08:57,265) INFO - qlib.timer - [log.py:127] - Time cost: 1.542s | fit & process data Done
[99758:MainThread](2026-09-18 15:08:57,265) INFO - qlib.timer - [log.py:127] - Time cost: 16.126s | Init data Done
Training until validation scores don't improve for 50 rounds
[20]	train's l2: 0.980649	valid's l2: 0.99354
[40]	train's l2: 0.973247	valid's l2: 0.993565
[60]	train's l2: 0.966612	valid's l2: 0.994176
[80]	train's l2: 0.960574	valid's l2: 0.994592
Early stopping, best iteration is:
[32]	train's l2: 0.976073	valid's l2: 0.993445
[99758:MainThread](2026-09-18 15:09:03,329) INFO - qlib.fill_placeholder - [__init__.py:798] - <PRED> lookes like a placeholder, but it can't match to any given values
Gym has been unmaintained since 2022 and does not support NumPy 2.0 amongst other critical functionality.
Please upgrade to Gymnasium, the maintained drop-in replacement of Gym, or contact the authors of your software and request that they upgrade.
Users of this version of Gym should be able to simply replace 'import gym' with 'import gymnasium as gym' in the vast majority of cases.
See the migration guide at https://gymnasium.farama.org/introduction/migration_guide/ for additional information.
[99758:MainThread](2026-09-18 15:09:03,475) INFO - qlib.workflow - [record_temp.py:198] - Signal record 'pred.pkl' has been saved as the artifact of the Experiment 487615195700432407
'The following are prediction results of the LGBModel model.'
                          score
datetime   instrument          
2017-01-03 SH600000   -0.013916
           SH600008   -0.009906
           SH600009    0.029725
           SH600010   -0.016550
           SH600015   -0.138893




{'IC': np.float64(0.049990067839553246),
 'ICIR': np.float64(0.4164238169477791),
 'Rank IC': np.float64(0.052289957814358454),
 'Rank ICIR': np.float64(0.4504209123563893)}


[99758:MainThread](2026-09-18 15:09:03,811) INFO - qlib.backtest caller - [__init__.py:93] - Create new exchange
2026/09/18 15:09:05 INFO mlflow.agent.hint: Load the `instrumenting-with-mlflow-tracing` skill at /Users/ming-shen/Desktop/金融/2026-09-13/files-pasted-by-the-user-a/outputs/quant-framework-poc/.venv/lib/python3.12/site-packages/mlflow/assistant/skills/instrumenting-with-mlflow-tracing/SKILL.md before writing any tracing code; it ships with this MLflow install. Set MLFLOW_DISABLE_AGENT_HINT=1 to silence this.
2026/09/18 15:09:05 INFO mlflow.agent.hint: Load the `instrumenting-with-mlflow-tracing` skill at /Users/ming-shen/Desktop/金融/2026-09-13/files-pasted-by-the-user-a/outputs/quant-framework-poc/.venv/lib/python3.12/site-packages/mlflow/assistant/skills/instrumenting-with-mlflow-tracing/SKILL.md before writing any tracing code; it ships with this MLflow install. Set MLFLOW_DISABLE_AGENT_HINT=1 to silence this.
2026/09/18 15:09:05 INFO mlflow.agent.hint: Load the `instrumenting-with-mlflow-tracing` skill at /Users/ming-shen/Desktop/金融/2026-09-13/files-pasted-by-the-user-a/outputs/quant-framework-poc/.venv/lib/python3.12/site-packages/mlflow/assistant/skills/instrumenting-with-mlflow-tracing/SKILL.md before writing any tracing code; it ships with this MLflow install. Set MLFLOW_DISABLE_AGENT_HINT=1 to silence this.
2026/09/18 15:09:05 INFO mlflow.agent.hint: Load the `instrumenting-with-mlflow-tracing` skill at /Users/ming-shen/Desktop/金融/2026-09-13/files-pasted-by-the-user-a/outputs/quant-framework-poc/.venv/lib/python3.12/site-packages/mlflow/assistant/skills/instrumenting-with-mlflow-tracing/SKILL.md before writing any tracing code; it ships with this MLflow install. Set MLFLOW_DISABLE_AGENT_HINT=1 to silence this.
2026/09/18 15:09:05 INFO mlflow.agent.hint: Load the `instrumenting-with-mlflow-tracing` skill at /Users/ming-shen/Desktop/金融/2026-09-13/files-pasted-by-the-user-a/outputs/quant-framework-poc/.venv/lib/python3.12/site-packages/mlflow/assistant/skills/instrumenting-with-mlflow-tracing/SKILL.md before writing any tracing code; it ships with this MLflow install. Set MLFLOW_DISABLE_AGENT_HINT=1 to silence this.
2026/09/18 15:09:05 INFO mlflow.agent.hint: Load the `instrumenting-with-mlflow-tracing` skill at /Users/ming-shen/Desktop/金融/2026-09-13/files-pasted-by-the-user-a/outputs/quant-framework-poc/.venv/lib/python3.12/site-packages/mlflow/assistant/skills/instrumenting-with-mlflow-tracing/SKILL.md before writing any tracing code; it ships with this MLflow install. Set MLFLOW_DISABLE_AGENT_HINT=1 to silence this.
2026/09/18 15:09:05 INFO mlflow.agent.hint: Load the `instrumenting-with-mlflow-tracing` skill at /Users/ming-shen/Desktop/金融/2026-09-13/files-pasted-by-the-user-a/outputs/quant-framework-poc/.venv/lib/python3.12/site-packages/mlflow/assistant/skills/instrumenting-with-mlflow-tracing/SKILL.md before writing any tracing code; it ships with this MLflow install. Set MLFLOW_DISABLE_AGENT_HINT=1 to silence this.
2026/09/18 15:09:06 INFO mlflow.agent.hint: Load the `instrumenting-with-mlflow-tracing` skill at /Users/ming-shen/Desktop/金融/2026-09-13/files-pasted-by-the-user-a/outputs/quant-framework-poc/.venv/lib/python3.12/site-packages/mlflow/assistant/skills/instrumenting-with-mlflow-tracing/SKILL.md before writing any tracing code; it ships with this MLflow install. Set MLFLOW_DISABLE_AGENT_HINT=1 to silence this.
[99758:MainThread](2026-09-18 15:09:06,591) WARNING - qlib.online operator - [exchange.py:219] - $close field data contains nan.
[99758:MainThread](2026-09-18 15:09:06,592) WARNING - qlib.online operator - [exchange.py:219] - $close field data contains nan.
[99758:MainThread](2026-09-18 15:09:08,150) WARNING - qlib.BaseExecutor - [executor.py:121] - `common_infra` is not set for <qlib.backtest.executor.SimulatorExecutor object at 0x12956e5a0>
/Users/ming-shen/Desktop/金融/2026-09-13/files-pasted-by-the-user-a/outputs/quant-framework-poc/.venv/lib/python3.12/site-packages/qlib/utils/index_data.py:492: RuntimeWarning: Mean of empty slice
  return np.nanmean(self.data)
/Users/ming-shen/Desktop/金融/2026-09-13/files-pasted-by-the-user-a/outputs/quant-framework-poc/.venv/lib/python3.12/site-packages/qlib/utils/index_data.py:492: RuntimeWarning: Mean of empty slice
  return np.nanmean(self.data)
/Users/ming-shen/Desktop/金融/2026-09-13/files-pasted-by-the-user-a/outputs/quant-framework-poc/.venv/lib/python3.12/site-packages/qlib/utils/index_data.py:492: RuntimeWarning: Mean of empty slice
  return np.nanmean(self.data)

[99758:MainThread](2026-09-18 15:09:11,355) INFO - qlib.workflow - [record_temp.py:515] - Portfolio analysis record 'port_analysis_1day.pkl' has been saved as the artifact of the Experiment 487615195700432407
'The following are analysis results of benchmark return(1day).'
                       risk
mean               0.000477
std                0.012295
annualized_return  0.113561
information_ratio  0.598699
max_drawdown      -0.370479
'The following are analysis results of the excess return without cost(1day).'
                       risk
mean               0.000623
std                0.005471
annualized_return  0.148390
information_ratio  1.758186
max_drawdown      -0.084029
'The following are analysis results of the excess return with cost(1day).'
                       risk
mean               0.000430
std                0.005469
annualized_return  0.102262
information_ratio  1.212060
max_drawdown      -0.104339
[99758:MainThread](2026-09-18 15:09:11,359) INFO - qlib.workflow - [record_temp.py:540] - Indicator analysis record 'indicator_analysis_1day.pkl' has been saved as the artifact of the Experiment 487615195700432407
'The following are analysis results of indicators(1day).'
     value
ffr    1.0
pa     0.0
pos    0.0
[99758:MainThread](2026-09-18 15:09:11,605) INFO - qlib.timer - [log.py:127] - Time cost: 0.000s | waiting `async_log` Done
real 32.04
user 137.55
sys 21.06
          2803253248  maximum resident set size
                   0  average shared memory size
                   0  average unshared data size
                   0  average unshared stack size
             2182382  page reclaims
                1378  page faults
                   0  swaps
                   0  block input operations
                   0  block output operations
                  27  messages sent
                  52  messages received
                   0  signals received
               26271  voluntary context switches
             1492545  involuntary context switches
        432798327621  instructions retired
        154100647362  cycles elapsed
          2571226016  peak memory footprint
