Collecting akquant==0.3.61
  Downloading akquant-0.3.61-cp310-abi3-macosx_11_0_arm64.whl.metadata (15 kB)
Collecting akshare
  Downloading akshare-1.18.96-py3-none-any.whl.metadata (14 kB)
Collecting pandas>=2.2.0 (from akquant==0.3.61)
  Downloading pandas-3.0.6-cp312-cp312-macosx_11_0_arm64.whl.metadata (79 kB)
Collecting numpy>=2.2.2 (from akquant==0.3.61)
  Using cached numpy-2.5.3-cp312-cp312-macosx_14_0_arm64.whl.metadata (6.6 kB)
Collecting pyarrow>=14.0.0 (from akquant==0.3.61)
  Downloading pyarrow-25.0.1-cp312-cp312-macosx_12_0_arm64.whl.metadata (3.0 kB)
Collecting tqdm>=4.0.0 (from akquant==0.3.61)
  Downloading tqdm-4.70.1-py3-none-any.whl.metadata (57 kB)
Collecting plotly>=5.0.0 (from akquant==0.3.61)
  Downloading plotly-7.1.0-py3-none-any.whl.metadata (8.8 kB)
Collecting polars>=0.20.0 (from akquant==0.3.61)
  Downloading polars-1.44.2-py3-none-any.whl.metadata (11 kB)
Collecting pydantic>=2.0.0 (from akquant==0.3.61)
  Downloading pydantic-2.13.5-py3-none-any.whl.metadata (110 kB)
Collecting beautifulsoup4>=4.9.1 (from akshare)
  Downloading beautifulsoup4-4.15.0-py3-none-any.whl.metadata (3.8 kB)
Collecting lxml>=4.2.1 (from akshare)
  Downloading lxml-6.1.3-cp312-cp312-macosx_10_13_universal2.whl.metadata (3.3 kB)
Collecting requests>=2.22.0 (from akshare)
  Using cached requests-2.34.2-py3-none-any.whl.metadata (4.8 kB)
Collecting curl_cffi>=0.13.0 (from akshare)
  Downloading curl_cffi-0.16.3-cp310-abi3-macosx_11_0_arm64.whl.metadata (17 kB)
Collecting html5lib>=1.0.1 (from akshare)
  Downloading html5lib-1.1-py2.py3-none-any.whl.metadata (16 kB)
Collecting xlrd>=1.2.0 (from akshare)
  Downloading xlrd-2.0.2-py2.py3-none-any.whl.metadata (3.5 kB)
Collecting urllib3>=1.25.8 (from akshare)
  Using cached urllib3-2.8.0-py3-none-any.whl.metadata (7.4 kB)
Collecting openpyxl>=3.0.3 (from akshare)
  Using cached openpyxl-3.1.5-py2.py3-none-any.whl.metadata (2.5 kB)
Collecting jsonpath>=0.82 (from akshare)
  Downloading jsonpath-0.82.2.tar.gz (10 kB)
  Installing build dependencies: started
  Installing build dependencies: finished with status 'done'
  Getting requirements to build wheel: started
  Getting requirements to build wheel: finished with status 'done'
  Preparing metadata (pyproject.toml): started
  Preparing metadata (pyproject.toml): finished with status 'done'
Collecting tabulate>=0.8.6 (from akshare)
  Using cached tabulate-0.10.0-py3-none-any.whl.metadata (40 kB)
Collecting decorator>=4.4.2 (from akshare)
  Downloading decorator-5.3.1-py3-none-any.whl.metadata (3.9 kB)
Collecting mini-racer>=0.12.4 (from akshare)
  Downloading mini_racer-0.14.1-py3-none-macosx_11_0_arm64.whl.metadata (22 kB)
Collecting soupsieve>=1.6.1 (from beautifulsoup4>=4.9.1->akshare)
  Downloading soupsieve-2.9.2-py3-none-any.whl.metadata (4.6 kB)
Collecting typing-extensions>=4.0.0 (from beautifulsoup4>=4.9.1->akshare)
  Using cached typing_extensions-4.16.0-py3-none-any.whl.metadata (3.3 kB)
Collecting cffi>=2.0.0 (from curl_cffi>=0.13.0->akshare)
  Downloading cffi-2.1.1-cp312-cp312-macosx_11_0_arm64.whl.metadata (2.5 kB)
Collecting certifi>=2024.2.2 (from curl_cffi>=0.13.0->akshare)
  Using cached certifi-2026.7.22-py3-none-any.whl.metadata (2.5 kB)
Collecting pycparser (from cffi>=2.0.0->curl_cffi>=0.13.0->akshare)
  Downloading pycparser-3.0-py3-none-any.whl.metadata (8.2 kB)
Collecting six>=1.9 (from html5lib>=1.0.1->akshare)
  Using cached six-1.17.0-py2.py3-none-any.whl.metadata (1.7 kB)
Collecting webencodings (from html5lib>=1.0.1->akshare)
  Downloading webencodings-0.6.1-py3-none-any.whl.metadata (3.4 kB)
Collecting et-xmlfile (from openpyxl>=3.0.3->akshare)
  Using cached et_xmlfile-2.0.0-py3-none-any.whl.metadata (2.7 kB)
Collecting python-dateutil>=2.8.2 (from pandas>=2.2.0->akquant==0.3.61)
  Using cached python_dateutil-2.9.0.post0-py2.py3-none-any.whl.metadata (8.4 kB)
Collecting narwhals>=1.15.1 (from plotly>=5.0.0->akquant==0.3.61)
  Using cached narwhals-2.26.0-py3-none-any.whl.metadata (15 kB)
Collecting packaging (from plotly>=5.0.0->akquant==0.3.61)
  Using cached packaging-26.3-py3-none-any.whl.metadata (3.5 kB)
Collecting polars-runtime-32==1.44.2 (from polars>=0.20.0->akquant==0.3.61)
  Downloading polars_runtime_32-1.44.2-cp310-abi3-macosx_11_0_arm64.whl.metadata (1.5 kB)
Collecting annotated-types>=0.6.0 (from pydantic>=2.0.0->akquant==0.3.61)
  Downloading annotated_types-0.8.0-py3-none-any.whl.metadata (15 kB)
Collecting pydantic-core==2.46.5 (from pydantic>=2.0.0->akquant==0.3.61)
  Downloading pydantic_core-2.46.5-cp312-cp312-macosx_11_0_arm64.whl.metadata (6.6 kB)
Collecting typing-inspection>=0.4.2 (from pydantic>=2.0.0->akquant==0.3.61)
  Downloading typing_inspection-0.4.4-py3-none-any.whl.metadata (2.6 kB)
Collecting charset_normalizer<4,>=2 (from requests>=2.22.0->akshare)
  Using cached charset_normalizer-3.5.1-cp312-cp312-macosx_10_13_universal2.whl.metadata (45 kB)
Collecting idna<4,>=2.5 (from requests>=2.22.0->akshare)
  Using cached idna-3.20-py3-none-any.whl.metadata (7.2 kB)
Downloading akquant-0.3.61-cp310-abi3-macosx_11_0_arm64.whl (6.5 MB)
   ━━━━━━━━━━━━━━━━━━━━━━━━━━━━━━━━━━━━━━━━ 6.5/6.5 MB 1.1 MB/s  0:00:06
Downloading akshare-1.18.96-py3-none-any.whl (1.3 MB)
   ━━━━━━━━━━━━━━━━━━━━━━━━━━━━━━━━━━━━━━━━ 1.3/1.3 MB 953.9 kB/s  0:00:01
Downloading beautifulsoup4-4.15.0-py3-none-any.whl (109 kB)
Downloading curl_cffi-0.16.3-cp310-abi3-macosx_11_0_arm64.whl (2.8 MB)
   ━━━━━━━━━━━━━━━━━━━━━━━━━━━━━━━━━━━━━━━━ 2.8/2.8 MB 2.0 MB/s  0:00:01
Using cached certifi-2026.7.22-py3-none-any.whl (136 kB)
Downloading cffi-2.1.1-cp312-cp312-macosx_11_0_arm64.whl (184 kB)
Downloading decorator-5.3.1-py3-none-any.whl (10 kB)
Downloading html5lib-1.1-py2.py3-none-any.whl (112 kB)
Downloading lxml-6.1.3-cp312-cp312-macosx_10_13_universal2.whl (8.6 MB)
   ━━━━━━━━━━━━━━━━━━━━━━━━━━━━━━━━━━━━━━━━ 8.6/8.6 MB 2.9 MB/s  0:00:02
Downloading mini_racer-0.14.1-py3-none-macosx_11_0_arm64.whl (18.5 MB)
   ━━━━━━━━━━━━━━━━━━━━━━━━━━━━━━━━━━━━━━━━ 18.5/18.5 MB 6.0 MB/s  0:00:03
Using cached numpy-2.5.3-cp312-cp312-macosx_14_0_arm64.whl (5.4 MB)
Using cached openpyxl-3.1.5-py2.py3-none-any.whl (250 kB)
Downloading pandas-3.0.6-cp312-cp312-macosx_11_0_arm64.whl (10.1 MB)
   ━━━━━━━━━━━━━━━━━━━━━━━━━━━━━━━━━━━━━━━━ 10.1/10.1 MB 5.2 MB/s  0:00:02
Downloading plotly-7.1.0-py3-none-any.whl (9.7 MB)
   ━━━━━━━━━━━━━━━━━━━━━━━━━━━━━━━━━━━━━━━━ 9.7/9.7 MB 4.2 MB/s  0:00:02
Using cached narwhals-2.26.0-py3-none-any.whl (474 kB)
Downloading polars-1.44.2-py3-none-any.whl (865 kB)
   ━━━━━━━━━━━━━━━━━━━━━━━━━━━━━━━━━━━━━━━━ 865.8/865.8 kB 4.9 MB/s  0:00:00
Downloading polars_runtime_32-1.44.2-cp310-abi3-macosx_11_0_arm64.whl (43.3 MB)
   ━━━━━━━━━━━━━━━━━━━━━━━━━━━━━━━━━━━━━━━━ 43.3/43.3 MB 4.3 MB/s  0:00:10
Downloading pyarrow-25.0.1-cp312-cp312-macosx_12_0_arm64.whl (35.9 MB)
   ━━━━━━━━━━━━━━━━━━━━━━━━━━━━━━━━━━━━━━━━ 35.9/35.9 MB 2.8 MB/s  0:00:12
Downloading pydantic-2.13.5-py3-none-any.whl (472 kB)
Downloading pydantic_core-2.46.5-cp312-cp312-macosx_11_0_arm64.whl (1.9 MB)
   ━━━━━━━━━━━━━━━━━━━━━━━━━━━━━━━━━━━━━━━━ 1.9/1.9 MB 3.6 MB/s  0:00:00
Downloading annotated_types-0.8.0-py3-none-any.whl (13 kB)
Using cached python_dateutil-2.9.0.post0-py2.py3-none-any.whl (229 kB)
Using cached requests-2.34.2-py3-none-any.whl (73 kB)
Using cached charset_normalizer-3.5.1-cp312-cp312-macosx_10_13_universal2.whl (344 kB)
Using cached idna-3.20-py3-none-any.whl (69 kB)
Using cached urllib3-2.8.0-py3-none-any.whl (135 kB)
Using cached six-1.17.0-py2.py3-none-any.whl (11 kB)
Downloading soupsieve-2.9.2-py3-none-any.whl (37 kB)
Using cached tabulate-0.10.0-py3-none-any.whl (39 kB)
Downloading tqdm-4.70.1-py3-none-any.whl (80 kB)
Using cached typing_extensions-4.16.0-py3-none-any.whl (45 kB)
Downloading typing_inspection-0.4.4-py3-none-any.whl (14 kB)
Downloading xlrd-2.0.2-py2.py3-none-any.whl (96 kB)
Using cached et_xmlfile-2.0.0-py3-none-any.whl (18 kB)
Using cached packaging-26.3-py3-none-any.whl (129 kB)
Downloading pycparser-3.0-py3-none-any.whl (48 kB)
Using cached webencodings-0.6.1-py3-none-any.whl (8.7 kB)
Building wheels for collected packages: jsonpath
  Building wheel for jsonpath (pyproject.toml): started
  Building wheel for jsonpath (pyproject.toml): finished with status 'done'
  Created wheel for jsonpath: filename=jsonpath-0.82.2-py3-none-any.whl size=5667 sha256=c2ed8d4e0de516f9e6b159c9100a4124a5ea5d4f387cb4d0674af104cebeef12
  Stored in directory: /Users/ming-shen/Library/Caches/pip/wheels/73/76/e2/980a29341fe37a583ada29594ed529708d5e8e2c0f9d97c3cc
Successfully built jsonpath
Installing collected packages: jsonpath, xlrd, webencodings, urllib3, typing-extensions, tqdm, tabulate, soupsieve, six, pycparser, pyarrow, polars-runtime-32, packaging, numpy, narwhals, mini-racer, lxml, idna, et-xmlfile, decorator, charset_normalizer, certifi, annotated-types, typing-inspection, requests, python-dateutil, pydantic-core, polars, plotly, openpyxl, html5lib, cffi, beautifulsoup4, pydantic, pandas, curl_cffi, akshare, akquant

Successfully installed akquant-0.3.61 akshare-1.18.96 annotated-types-0.8.0 beautifulsoup4-4.15.0 certifi-2026.7.22 cffi-2.1.1 charset_normalizer-3.5.1 curl_cffi-0.16.3 decorator-5.3.1 et-xmlfile-2.0.0 html5lib-1.1 idna-3.20 jsonpath-0.82.2 lxml-6.1.3 mini-racer-0.14.1 narwhals-2.26.0 numpy-2.5.3 openpyxl-3.1.5 packaging-26.3 pandas-3.0.6 plotly-7.1.0 polars-1.44.2 polars-runtime-32-1.44.2 pyarrow-25.0.1 pycparser-3.0 pydantic-2.13.5 pydantic-core-2.46.5 python-dateutil-2.9.0.post0 requests-2.34.2 six-1.17.0 soupsieve-2.9.2 tabulate-0.10.0 tqdm-4.70.1 typing-extensions-4.16.0 typing-inspection-0.4.4 urllib3-2.8.0 webencodings-0.6.1 xlrd-2.0.2
